
[SBV] tests/T03.hs:8:1 Proving "f", using Z3.
[Z3] Q.E.D.
