
[SBV] tests/T04.hs:8:1 Proving "f", using Z3, Yices, Boolector, CVC4, MathSAT, and ABC.
[Z3] Q.E.D.
