
[SBV] tests/T08.hs:7:1 Proving "f", using Z3.
[Z3] Falsifiable. Counter-example:
  x = 0.0 :: Double
[SBV] Failed. (Use option 'WarnIfFails' to continue.)
