
[SBV] tests/T13.hs:9:1 Proving "f", using Z3.
[Z3] Falsifiable. Counter-example:
  i =            0 :: Integer
  d = -2.0237e-320 :: Double
  b =        False :: Bool
[SBV] Failed. (Use option 'IgnoreFailure' to continue.)
