
[SBV] tests/T50.hs:23:1-18 Proving "integerAssociative", using Z3.
[Z3] Q.E.D.

[SBV] tests/T50.hs:26:1-6 Proving "isTrue", using Z3.
[Z3] Q.E.D.
